// Jest Snapshot v1, https://goo.gl/fbAQLP

exports[`Sample renders without failing 1`] = `
<body>
  <div>
    <div
      class="todoItem"
    >
      Hello World!
    </div>
  </div>
</body>
`;
